
> symptom-tracker@0.2.0 test
> node --experimental-vm-modules node_modules/jest/bin/jest.js src/lib/services/__tests__/exportService.test.ts should export food journal with all required fields

  console.error
    Export failed: DexieError {
      name: 'MissingAPIError',
      message: 'IndexedDB API missing. Please visit https://tinyurl.com/y2uuvskb',
      inner: null
    }

    [0m [90m 180 |[39m         [36mconst[39m csvText [33m=[39m [36mawait[39m blob[33m.[39mtext()[33m;[39m
     [90m 181 |[39m       } [36mcatch[39m (error) {
    [31m[1m>[22m[39m[90m 182 |[39m         console[33m.[39merror([32m"Export failed:"[39m[33m,[39m error)[33m;[39m
     [90m     |[39m                 [31m[1m^[22m[39m
     [90m 183 |[39m         [36mthrow[39m error[33m;[39m
     [90m 184 |[39m       }
     [90m 185 |[39m       [0m

      at Object.<anonymous> (src/lib/services/__tests__/exportService.test.ts:182:17)

node.exe : (node:20604) ExperimentalWarning: VM Modules is an experimental feature and 
might change at any time
At C:\Program Files\nodejs\npm.ps1:29 char:3
+   & $NODE_EXE $NPM_CLI_JS $args
+   ~~~~~~~~~~~~~~~~~~~~~~~~~~~~~
    + CategoryInfo          : NotSpecified: ((node:20604) Ex...nge at any time:String) [], 
    RemoteException
    + FullyQualifiedErrorId : NativeCommandError
 
(Use `node --trace-warnings ...` to show where the warning was created)
FAIL src/lib/services/__tests__/exportService.test.ts
  ExportService - Food Journal Export
    Food Journal CSV Export
      ├ù should export food journal with all required fields (30 ms)
      ├ù should export food journal in JSON format (1 ms)
      ├ù should filter food journal by date range (1 ms)
      ├ù should handle empty food journal (1 ms)
      ├ù should handle foods with empty allergen tags (1 ms)
      ├ù should handle multiple foods with overlapping allergens (1 ms)
      ├ù should handle special characters in food names and notes (1 ms)
    Correlation Export
      ├ù should export correlation summaries in CSV format (1 ms)
      ├ù should filter correlations by significance (onlySignificant flag) (1 ms)
      ├ù should handle empty correlation data (1 ms)
      ├ù should handle correlations without bestWindow data (1 ms)
    Combined Export
      ├ù should export both food journal and correlations (1 ms)
    CSV Formatting Edge Cases
      ├ù should properly escape commas in CSV export (1 ms)

  ΓùÅ ExportService - Food Journal Export ΓÇ║ Food Journal CSV Export ΓÇ║ should export 
food journal with all required fields




  ΓùÅ ExportService - Food Journal Export ΓÇ║ Food Journal CSV Export ΓÇ║ should export 
food journal in JSON format




  ΓùÅ ExportService - Food Journal Export ΓÇ║ Food Journal CSV Export ΓÇ║ should filter 
food journal by date range




  ΓùÅ ExportService - Food Journal Export ΓÇ║ Food Journal CSV Export ΓÇ║ should handle 
empty food journal




  ΓùÅ ExportService - Food Journal Export ΓÇ║ Food Journal CSV Export ΓÇ║ should handle 
foods with empty allergen tags




  ΓùÅ ExportService - Food Journal Export ΓÇ║ Food Journal CSV Export ΓÇ║ should handle 
multiple foods with overlapping allergens




  ΓùÅ ExportService - Food Journal Export ΓÇ║ Food Journal CSV Export ΓÇ║ should handle 
special characters in food names and notes




  ΓùÅ ExportService - Food Journal Export ΓÇ║ Correlation Export ΓÇ║ should export 
correlation summaries in CSV format




  ΓùÅ ExportService - Food Journal Export ΓÇ║ Correlation Export ΓÇ║ should filter 
correlations by significance (onlySignificant flag)




  ΓùÅ ExportService - Food Journal Export ΓÇ║ Correlation Export ΓÇ║ should handle empty 
correlation data




  ΓùÅ ExportService - Food Journal Export ΓÇ║ Correlation Export ΓÇ║ should handle 
correlations without bestWindow data




  ΓùÅ ExportService - Food Journal Export ΓÇ║ Combined Export ΓÇ║ should export both food 
journal and correlations




  ΓùÅ ExportService - Food Journal Export ΓÇ║ CSV Formatting Edge Cases ΓÇ║ should 
properly escape commas in CSV export




Test Suites: 1 failed, 1 total
Tests:       13 failed, 13 total
Snapshots:   0 total
Time:        1.09 s
Ran all test suites matching src/lib/services/__tests__/exportService.test.ts|should 
export food journal with all required fields.
